     1                                  start:
     2                                  ; 设置段地址
     3 00000000 B800B8                  mov ax, 0xb800
     4 00000003 8ED8                    mov ds, ax
     5                                  
     6                                  ; 用于向文本模式下的显存写入要显示的字符的编码和颜色属性
     7                                  ; 将字符A的编码写入到内存单元 [] 表明是一个地址，在这里是偏移地址
     8                                  ; 如果没有附加任何指示， 段地址是默认在段寄存器ds中，前面被设置成0xb800
     9                                  ; 在这里立即数0x41 的长度实际上不明确
    10                                  ; byte 用于修饰目的操作数的长度，本地传递是以字节的方式传递,那么源操作数也是一个字节的长度
    11 00000005 C606000041              mov byte [0x00], 0x41  ; 字符A的ASCII编码
    12 0000000A C606010004              mov byte [0x01], 0x04  ; 黑底红字， 无闪烁
    13                                  
    14 0000000F C606020073              mov byte [0x02], 's'   ; 等同于 mov byte [0x02], 0x73
    15 00000014 C606030004              mov byte [0x03], 0x04
    16                                  
    17 00000019 C606040073              mov byte [0x04], 's'
    18 0000001E C606050004              mov byte [0x05], 0x04
    19                                  
    20 00000023 C606060065              mov byte [0x06], 'e'
    21 00000028 C606070004              mov byte [0x07], 0x04
    22                                  
    23 0000002D C60608006D              mov byte [0x08], 'm'
    24 00000032 C606090004              mov byte [0x09], 0x04
    25                                  
    26 00000037 C6060A0062              mov byte [0x0a], 'b'
    27 0000003C C6060B0004              mov byte [0x0b], 0x04
    28                                  
    29 00000041 C6060C006C              mov byte [0x0c], 'l'
    30 00000046 C6060D0004              mov byte [0x0d], 0x04
    31                                  
    32 0000004B C6060E0079              mov byte [0x0e], 'y'
    33 00000050 C6060F0004              mov byte [0x0f], 0x04
    34                                  
    35 00000055 C60610002E              mov byte [0x10], '.'
    36 0000005A C606110004              mov byte [0x11], 0x04
    37                                  
    38                                  ;;测试标号
    39                                  ;times 60 db 0xcc
    40                                  
    41                                  ; 段间直接绝对跳转指令
    42                                  ; 段间指的是这条指定将跳到另一个段里执行
    43                                  ; 这里改的是cs和ip
    44                                  ; 这里没必要跳到0x7c00 那么远，可以无休止的重复自己
    45                                  ; 这条指令的物理地址就是0x7c00 + 0x5f = 0x7c5f
    46                                  ;jmp 0x0000:0x7c00 ;跳回到物理地址0x7c00,循环往复，不停执行这段代码
    47 0000005F EA5F7C0000              jmp 0x0000:0x7c5f   ;跳回他自己
    48                                  ; 在汇编程序中10进制和16进制可以放在一起运算
    49 00000064 00<rep 19Ah>            current:    times 510-(current-start) db 0
    50                                  
    51                                  ; db 可以定义多个字节，每个字节用,分开
    52 000001FE 55AA                    db 0x55, 0xaa
